---
source: tui/src/app/tests.rs
assertion_line: 1601
expression: "render_bottom_popup(&app.chat_widget, 80)"
---
  Subagents
  Select an agent to inspect. ⌥ + ← previous, ⌥ + → next.

› 1. [working] /root/worker

  /root/worker
  lifecycle · working
  point-in-time telemetry unavailable

  Press enter to confirm or esc to go back
