---
source: tui/src/chatwidget/tests/composer_submission.rs
expression: rendered
---
■ This agent is controlled by its parent. Press Esc to return to Main and respond there.
■ This agent is controlled by its parent. Press Esc to return to Main and respond there.
■ This agent is controlled by its parent. Press Esc to return to Main and respond there.
