---
source: tui/src/history_cell/tests.rs
assertion_line: 2283
expression: "render_lines(&lines).join(\"\\n\")"
---
  └ The agent reported this
    checklist for the current turn.
    ✔ Inspect existing error paths
      and logging around HTTP
      timeouts
    □ Harden the client with retry
      backoff and user-friendly
      messages
    □ Add transient failure tests
      and surface results to the UI
